Loaded 8 bytes from build/programs/main.bin into memory at 0x00003000

=== Module Map ===
Module 0: build/programs/main.bin
  Address: 0x00003000
  Size:    8 bytes
==================

Combined program size: 8 bytes
Combined program hash (CRC32): 0x8DD93341
Module 0: build/programs/main.bin at 0x00003000 (8 bytes)
  [build/programs/main.bin + 0x0000] 0x00020301
  [build/programs/main.bin + 0x0004] 0x7C000100
Starting VM execution with cycle-based execution
Cycle time: 1000 ms
Hash check: disabled
Cycle overrun check: enabled
Tick timing: disabled
Clock rate: 100 Hz

Cycle 1: 2 instructions, 0 ms elapsed, time_ms=12941198
Cycle 2: 2 instructions, 0 ms elapsed, time_ms=12942198
Cycle 3: 2 instructions, 0 ms elapsed, time_ms=12943198
Cycle 4: 2 instructions, 0 ms elapsed, time_ms=12944198
Loaded 4 bytes from build/programs/main.bin into memory at 0x00003000

=== Module Map ===
Module 0: build/programs/main.bin
  Address: 0x00003000
  Size:    4 bytes
==================

Combined program size: 4 bytes
Combined program hash (CRC32): 0xBB3DCB4C
Module 0: build/programs/main.bin at 0x00003000 (4 bytes)
  [build/programs/main.bin + 0x0000] 0x00020302
Hot-reload applied from directory: build/programs
Cycle 5: 1 instructions, 0 ms elapsed, time_ms=12945198
Cycle 6: 1 instructions, 0 ms elapsed, time_ms=12946198
Cycle 7: 1 instructions, 0 ms elapsed, time_ms=12947198
